node.exe : ΓÜá Warning: Next.js inferred your workspace root, but it may 
not be correct.
At line:1 char:1
+ & "C:\Program Files\nodejs/node.exe" "C:\Program Files\nodejs/node_mo ...
+ ~~~~~~~~~~~~~~~~~~~~~~~~~~~~~~~~~~~~~~~~~~~~~~~~~~~~~~~~~~~~~~~~~~~~~
    + CategoryInfo          : NotSpecified: (ΓÜá Warning: Ne...not be corre 
   ct.:String) [], RemoteException
    + FullyQualifiedErrorId : NativeCommandError
 
 We detected multiple lockfiles and selected the directory of D:\Persona 
AI\package-lock.json as the root directory.
 To silence this warning, set `turbopack.root` in your Next.js config, or 
consider removing one of the lockfiles if it's not needed.
   See https://nextjs.org/docs/app/api-reference/config/next-config-js/turbo
pack#root-directory for more information.
 Detected additional lockfiles: 
   * D:\Persona AI\frontend\package-lock.json

Γû▓ Next.js 16.1.6 (Turbopack)
- Environments: .env.local

ΓÜá The "middleware" file convention is deprecated. Please use "proxy" 
instead. Learn more: https://nextjs.org/docs/messages/middleware-to-proxy
  Creating an optimized production build ...
Γ£ô Compiled successfully in 12.5s
  Running TypeScript ...
  Collecting page data using 11 workers ...
[API STARTUP] analyze/[id] route loaded
  Generating static pages using 11 workers (0/31) ...
  Generating static pages using 11 workers (7/31) 
Error occurred prerendering page "/contact". Read more: 
https://nextjs.org/docs/messages/prerender-error
Error: @clerk/clerk-react: Missing publishableKey. You can get your key at 
https://dashboard.clerk.com/last-active?path=api-keys.
    at Object.throwMissingPublishableKeyError (D:\Persona 
AI\frontend\.next\server\chunks\ssr\9e883_4eb7ece3._.js:12:1720)
    at <unknown> (D:\Persona 
AI\frontend\.next\server\chunks\ssr\9e883_5be813b7._.js:2:58468) {
  digest: '3998071376'
}
Export encountered an error on /contact/page: /contact, exiting the build.
Γ¿» Next.js build worker exited with code: 1 and signal: null
